// Jest Snapshot v1, https://goo.gl/fbAQLP

exports[`Pruebas CounterApp Debe mostrar <CounterApp/> con 10 1`] = `
<Fragment>
  <h1>
    CounterApp
  </h1>
  <h2>
    10
  </h2>
  <button
    onClick={[Function]}
  >
    +1
  </button>
  <button
    onClick={[Function]}
  >
    RESET
  </button>
  <button
    onClick={[Function]}
  >
    -1
  </button>
</Fragment>
`;

exports[`Pruebas CounterApp Debe mostrar <CounterApp/> con 100 1`] = `
<Fragment>
  <h1>
    CounterApp
  </h1>
  <h2>
    100
  </h2>
  <button
    onClick={[Function]}
  >
    +1
  </button>
  <button
    onClick={[Function]}
  >
    RESET
  </button>
  <button
    onClick={[Function]}
  >
    -1
  </button>
</Fragment>
`;
